Archive member included because of file (symbol)

/usr/lib64/libc_nonshared.a(elf-init.oS)
                              /usr/lib/gcc/x86_64-redhat-linux/4.4.6/../../../../lib64/crt1.o (__libc_csu_fini)

Allocating common symbols
Common symbol       size              file

old_tty             0x3c              /usr/library/V60002/pro/plugin/gtmcrypt/maskpass.o
no_echo_tty         0x3c              /usr/library/V60002/pro/plugin/gtmcrypt/maskpass.o

Discarded input sections

 .note.GNU-stack
                0x0000000000000000        0x0 /usr/lib/gcc/x86_64-redhat-linux/4.4.6/../../../../lib64/crt1.o
 .note.GNU-stack
                0x0000000000000000        0x0 /usr/lib/gcc/x86_64-redhat-linux/4.4.6/../../../../lib64/crti.o
 .note.GNU-stack
                0x0000000000000000        0x0 /usr/lib/gcc/x86_64-redhat-linux/4.4.6/crtbegin.o
 .note.GNU-stack
                0x0000000000000000        0x0 /usr/library/V60002/pro/plugin/gtmcrypt/maskpass.o
 .note.GNU-stack
                0x0000000000000000        0x0 /usr/lib64/libc_nonshared.a(elf-init.oS)
 .note.GNU-stack
                0x0000000000000000        0x0 /usr/lib/gcc/x86_64-redhat-linux/4.4.6/crtend.o
 .note.GNU-stack
                0x0000000000000000        0x0 /usr/lib/gcc/x86_64-redhat-linux/4.4.6/../../../../lib64/crtn.o

Memory Configuration

Name             Origin             Length             Attributes
*default*        0x0000000000000000 0xffffffffffffffff

Linker script and memory map

LOAD /usr/lib/gcc/x86_64-redhat-linux/4.4.6/../../../../lib64/crt1.o
LOAD /usr/lib/gcc/x86_64-redhat-linux/4.4.6/../../../../lib64/crti.o
LOAD /usr/lib/gcc/x86_64-redhat-linux/4.4.6/crtbegin.o
LOAD /usr/library/V60002/pro/plugin/gtmcrypt/maskpass.o
LOAD /usr/lib64/libgpgme.so
LOAD /usr/lib64/libgpg-error.so
LOAD /usr/lib64/libgcrypt.so
LOAD /usr/lib/gcc/x86_64-redhat-linux/4.4.6/libgcc.a
LOAD /usr/lib/gcc/x86_64-redhat-linux/4.4.6/libgcc_s.so
LOAD /usr/lib64/libc.so
START GROUP
LOAD /lib64/libc.so.6
LOAD /usr/lib64/libc_nonshared.a
LOAD /lib64/ld-linux-x86-64.so.2
END GROUP
LOAD /usr/lib/gcc/x86_64-redhat-linux/4.4.6/libgcc.a
LOAD /usr/lib/gcc/x86_64-redhat-linux/4.4.6/libgcc_s.so
LOAD /usr/lib/gcc/x86_64-redhat-linux/4.4.6/crtend.o
LOAD /usr/lib/gcc/x86_64-redhat-linux/4.4.6/../../../../lib64/crtn.o
                0x0000000000400000                PROVIDE (__executable_start, 0x400000)
                0x0000000000400200                . = (0x400000 + SIZEOF_HEADERS)

.interp         0x0000000000400200       0x1c
 *(.interp)
 .interp        0x0000000000400200       0x1c /usr/lib/gcc/x86_64-redhat-linux/4.4.6/../../../../lib64/crt1.o

.note.ABI-tag   0x000000000040021c       0x20
 .note.ABI-tag  0x000000000040021c       0x20 /usr/lib/gcc/x86_64-redhat-linux/4.4.6/../../../../lib64/crt1.o

.note.gnu.build-id
                0x000000000040023c       0x24
 *(.note.gnu.build-id)
 .note.gnu.build-id
                0x000000000040023c       0x24 /usr/lib/gcc/x86_64-redhat-linux/4.4.6/../../../../lib64/crt1.o

.hash
 *(.hash)

.gnu.hash       0x0000000000400260       0x40
 *(.gnu.hash)
 .gnu.hash      0x0000000000400260       0x40 /usr/lib/gcc/x86_64-redhat-linux/4.4.6/../../../../lib64/crt1.o

.dynsym         0x00000000004002a0      0x378
 *(.dynsym)
 .dynsym        0x00000000004002a0      0x378 /usr/lib/gcc/x86_64-redhat-linux/4.4.6/../../../../lib64/crt1.o

.dynstr         0x0000000000400618      0x1b6
 *(.dynstr)
 .dynstr        0x0000000000400618      0x1b6 /usr/lib/gcc/x86_64-redhat-linux/4.4.6/../../../../lib64/crt1.o

.gnu.version    0x00000000004007ce       0x4a
 *(.gnu.version)
 .gnu.version   0x00000000004007ce       0x4a /usr/lib/gcc/x86_64-redhat-linux/4.4.6/../../../../lib64/crt1.o

.gnu.version_d  0x0000000000400818        0x0
 *(.gnu.version_d)
 .gnu.version_d
                0x0000000000000000        0x0 /usr/lib/gcc/x86_64-redhat-linux/4.4.6/../../../../lib64/crt1.o

.gnu.version_r  0x0000000000400818       0x40
 *(.gnu.version_r)
 .gnu.version_r
                0x0000000000400818       0x40 /usr/lib/gcc/x86_64-redhat-linux/4.4.6/../../../../lib64/crt1.o

.rela.dyn       0x0000000000400858       0x60
 *(.rela.init)
 *(.rela.text .rela.text.* .rela.gnu.linkonce.t.*)
 .rela.text     0x0000000000000000        0x0 /usr/lib/gcc/x86_64-redhat-linux/4.4.6/../../../../lib64/crt1.o
 *(.rela.fini)
 *(.rela.rodata .rela.rodata.* .rela.gnu.linkonce.r.*)
 *(.rela.data .rela.data.* .rela.gnu.linkonce.d.*)
 *(.rela.tdata .rela.tdata.* .rela.gnu.linkonce.td.*)
 *(.rela.tbss .rela.tbss.* .rela.gnu.linkonce.tb.*)
 *(.rela.ctors)
 *(.rela.dtors)
 *(.rela.got)
 .rela.got      0x0000000000400858       0x60 /usr/lib/gcc/x86_64-redhat-linux/4.4.6/../../../../lib64/crt1.o
 *(.rela.sharable_data .rela.sharable_data.* .rela.gnu.linkonce.shrd.*)
 *(.rela.sharable_bss .rela.sharable_bss.* .rela.gnu.linkonce.shrb.*)
 .rela.sharable_bss
                0x0000000000000000        0x0 /usr/lib/gcc/x86_64-redhat-linux/4.4.6/../../../../lib64/crt1.o
 *(.rela.bss .rela.bss.* .rela.gnu.linkonce.b.*)
 .rela.bss      0x0000000000000000        0x0 /usr/lib/gcc/x86_64-redhat-linux/4.4.6/../../../../lib64/crt1.o
 *(.rela.ldata .rela.ldata.* .rela.gnu.linkonce.l.*)
 *(.rela.lbss .rela.lbss.* .rela.gnu.linkonce.lb.*)
 *(.rela.lrodata .rela.lrodata.* .rela.gnu.linkonce.lr.*)
 *(.rela.ifunc)

.rela.plt       0x00000000004008b8      0x270
 *(.rela.plt)
 .rela.plt      0x00000000004008b8      0x270 /usr/lib/gcc/x86_64-redhat-linux/4.4.6/../../../../lib64/crt1.o
                0x0000000000400b28                PROVIDE (__rela_iplt_start, .)
 *(.rela.iplt)
 .rela.iplt     0x0000000000000000        0x0 /usr/lib/gcc/x86_64-redhat-linux/4.4.6/../../../../lib64/crt1.o
                0x0000000000400b28                PROVIDE (__rela_iplt_end, .)

.init           0x0000000000400b28       0x18
 *(.init)
 .init          0x0000000000400b28        0x9 /usr/lib/gcc/x86_64-redhat-linux/4.4.6/../../../../lib64/crti.o
                0x0000000000400b28                _init
 .init          0x0000000000400b31        0x5 /usr/lib/gcc/x86_64-redhat-linux/4.4.6/crtbegin.o
 .init          0x0000000000400b36        0x5 /usr/lib/gcc/x86_64-redhat-linux/4.4.6/crtend.o
 .init          0x0000000000400b3b        0x5 /usr/lib/gcc/x86_64-redhat-linux/4.4.6/../../../../lib64/crtn.o

.plt            0x0000000000400b40      0x1b0
 *(.plt)
 .plt           0x0000000000400b40      0x1b0 /usr/lib/gcc/x86_64-redhat-linux/4.4.6/../../../../lib64/crt1.o
                0x0000000000400b50                tcsetattr@@GLIBC_2.2.5
                0x0000000000400b60                fileno@@GLIBC_2.2.5
                0x0000000000400b70                printf@@GLIBC_2.2.5
                0x0000000000400b80                snprintf@@GLIBC_2.2.5
                0x0000000000400b90                mmap64@@GLIBC_2.2.5
                0x0000000000400ba0                close@@GLIBC_2.2.5
                0x0000000000400bb0                gcry_check_version@@GCRYPT_1.2
                0x0000000000400bc0                puts@@GLIBC_2.2.5
                0x0000000000400bd0                exit@@GLIBC_2.2.5
                0x0000000000400be0                __libc_start_main@@GLIBC_2.2.5
                0x0000000000400bf0                fgets@@GLIBC_2.2.5
                0x0000000000400c00                __fxstat64@@GLIBC_2.2.5
                0x0000000000400c10                sprintf@@GLIBC_2.2.5
                0x0000000000400c20                gcry_control@@GCRYPT_1.2
                0x0000000000400c30                open64@@GLIBC_2.2.5
                0x0000000000400c40                sigprocmask@@GLIBC_2.2.5
                0x0000000000400c50                tcgetattr@@GLIBC_2.2.5
                0x0000000000400c60                getenv@@GLIBC_2.2.5
                0x0000000000400c70                __errno_location@@GLIBC_2.2.5
                0x0000000000400c80                sigaddset@@GLIBC_2.2.5
                0x0000000000400c90                munmap@@GLIBC_2.2.5
                0x0000000000400ca0                strncpy@@GLIBC_2.2.5
                0x0000000000400cb0                __xstat64@@GLIBC_2.2.5
                0x0000000000400cc0                gcry_strerror@@GCRYPT_1.2
                0x0000000000400cd0                sigemptyset@@GLIBC_2.2.5
                0x0000000000400ce0                gcry_md_hash_buffer@@GCRYPT_1.2
 *(.iplt)
 .iplt          0x0000000000000000        0x0 /usr/lib/gcc/x86_64-redhat-linux/4.4.6/../../../../lib64/crt1.o

.text           0x0000000000400cf0      0x8b8
 *(.text.unlikely .text.*_unlikely)
 *(.text .stub .text.* .gnu.linkonce.t.*)
 .text          0x0000000000400cf0       0x2c /usr/lib/gcc/x86_64-redhat-linux/4.4.6/../../../../lib64/crt1.o
                0x0000000000400cf0                _start
 .text          0x0000000000400d1c       0x17 /usr/lib/gcc/x86_64-redhat-linux/4.4.6/../../../../lib64/crti.o
 *fill*         0x0000000000400d33        0xd 90909090
 .text          0x0000000000400d40       0x92 /usr/lib/gcc/x86_64-redhat-linux/4.4.6/crtbegin.o
 *fill*         0x0000000000400dd2        0xe 90909090
 .text          0x0000000000400de0      0x6e8 /usr/library/V60002/pro/plugin/gtmcrypt/maskpass.o
                0x00000000004010c0                main
 *fill*         0x00000000004014c8        0x8 90909090
 .text          0x00000000004014d0       0x99 /usr/lib64/libc_nonshared.a(elf-init.oS)
                0x00000000004014d0                __libc_csu_fini
                0x00000000004014e0                __libc_csu_init
 *fill*         0x0000000000401569        0x7 90909090
 .text          0x0000000000401570       0x36 /usr/lib/gcc/x86_64-redhat-linux/4.4.6/crtend.o
 *fill*         0x00000000004015a6        0x2 90909090
 .text          0x00000000004015a8        0x0 /usr/lib/gcc/x86_64-redhat-linux/4.4.6/../../../../lib64/crtn.o
 *(.gnu.warning)

.fini           0x00000000004015a8        0xe
 *(.fini)
 .fini          0x00000000004015a8        0x4 /usr/lib/gcc/x86_64-redhat-linux/4.4.6/../../../../lib64/crti.o
                0x00000000004015a8                _fini
 .fini          0x00000000004015ac        0x5 /usr/lib/gcc/x86_64-redhat-linux/4.4.6/crtbegin.o
 .fini          0x00000000004015b1        0x5 /usr/lib/gcc/x86_64-redhat-linux/4.4.6/../../../../lib64/crtn.o
                0x00000000004015b6                PROVIDE (__etext, .)
                0x00000000004015b6                PROVIDE (_etext, .)
                0x00000000004015b6                PROVIDE (etext, .)

.rodata         0x00000000004015b8      0x118
 *(.rodata .rodata.* .gnu.linkonce.r.*)
 .rodata.cst4   0x00000000004015b8        0x4 /usr/lib/gcc/x86_64-redhat-linux/4.4.6/../../../../lib64/crt1.o
                0x00000000004015b8                _IO_stdin_used
 *fill*         0x00000000004015bc        0x4 00
 .rodata        0x00000000004015c0        0x8 /usr/lib/gcc/x86_64-redhat-linux/4.4.6/crtbegin.o
                0x00000000004015c0                __dso_handle
 .rodata.str1.1
                0x00000000004015c8       0x73 /usr/library/V60002/pro/plugin/gtmcrypt/maskpass.o
 *fill*         0x000000000040163b        0x5 00
 .rodata.str1.8
                0x0000000000401640       0x90 /usr/library/V60002/pro/plugin/gtmcrypt/maskpass.o
                                         0x8b (size before relaxing)

.rodata1
 *(.rodata1)

.eh_frame_hdr   0x00000000004016d0       0x2c
 *(.eh_frame_hdr)
 .eh_frame_hdr  0x00000000004016d0       0x2c /usr/library/V60002/pro/plugin/gtmcrypt/maskpass.o

.eh_frame       0x0000000000401700       0xf4
 *(.eh_frame)
 .eh_frame      0x0000000000401700       0xb0 /usr/library/V60002/pro/plugin/gtmcrypt/maskpass.o
 .eh_frame      0x00000000004017b0       0x40 /usr/lib64/libc_nonshared.a(elf-init.oS)
                                         0x58 (size before relaxing)
 .eh_frame      0x00000000004017f0        0x4 /usr/lib/gcc/x86_64-redhat-linux/4.4.6/crtend.o

.gcc_except_table
 *(.gcc_except_table .gcc_except_table.*)
                0x00000000004017f4                . = (ALIGN (0x200000) - ((0x200000 - .) & 0x1fffff))
                0x00000000006017f4                . = (0x200000 DATA_SEGMENT_ALIGN 0x1000)

.eh_frame
 *(.eh_frame)

.gcc_except_table
 *(.gcc_except_table .gcc_except_table.*)

.tdata
 *(.tdata .tdata.* .gnu.linkonce.td.*)

.tbss
 *(.tbss .tbss.* .gnu.linkonce.tb.*)
 *(.tcommon)

.preinit_array  0x00000000006017f4        0x0
                0x00000000006017f4                PROVIDE (__preinit_array_start, .)
 *(.preinit_array)
                0x00000000006017f4                PROVIDE (__preinit_array_end, .)

.init_array     0x00000000006017f4        0x0
                0x00000000006017f4                PROVIDE (__init_array_start, .)
 *(SORT(.init_array.*))
 *(.init_array)
                0x00000000006017f4                PROVIDE (__init_array_end, .)

.fini_array     0x00000000006017f4        0x0
                0x00000000006017f4                PROVIDE (__fini_array_start, .)
 *(.fini_array)
 *(SORT(.fini_array.*))
                0x00000000006017f4                PROVIDE (__fini_array_end, .)

.ctors          0x00000000006017f8       0x10
 *crtbegin.o(.ctors)
 .ctors         0x00000000006017f8        0x8 /usr/lib/gcc/x86_64-redhat-linux/4.4.6/crtbegin.o
 *crtbegin?.o(.ctors)
 *(EXCLUDE_FILE(*crtend?.o *crtend.o) .ctors)
 *(SORT(.ctors.*))
 *(.ctors)
 .ctors         0x0000000000601800        0x8 /usr/lib/gcc/x86_64-redhat-linux/4.4.6/crtend.o

.dtors          0x0000000000601808       0x10
 *crtbegin.o(.dtors)
 .dtors         0x0000000000601808        0x8 /usr/lib/gcc/x86_64-redhat-linux/4.4.6/crtbegin.o
 *crtbegin?.o(.dtors)
 *(EXCLUDE_FILE(*crtend?.o *crtend.o) .dtors)
 *(SORT(.dtors.*))
 *(.dtors)
 .dtors         0x0000000000601810        0x8 /usr/lib/gcc/x86_64-redhat-linux/4.4.6/crtend.o
                0x0000000000601810                __DTOR_END__

.jcr            0x0000000000601818        0x8
 *(.jcr)
 .jcr           0x0000000000601818        0x0 /usr/lib/gcc/x86_64-redhat-linux/4.4.6/crtbegin.o
 .jcr           0x0000000000601818        0x8 /usr/lib/gcc/x86_64-redhat-linux/4.4.6/crtend.o

.data.rel.ro
 *(.data.rel.ro.local* .gnu.linkonce.d.rel.ro.local.*)
 *(.data.rel.ro* .gnu.linkonce.d.rel.ro.*)

.dynamic        0x0000000000601820      0x1c0
 *(.dynamic)
 .dynamic       0x0000000000601820      0x1c0 /usr/lib/gcc/x86_64-redhat-linux/4.4.6/../../../../lib64/crt1.o
                0x0000000000601820                _DYNAMIC

.got            0x00000000006019e0       0x20
 *(.got)
 .got           0x00000000006019e0       0x20 /usr/lib/gcc/x86_64-redhat-linux/4.4.6/../../../../lib64/crt1.o
 *(.igot)
                0x0000000000601a00                . = (. DATA_SEGMENT_RELRO_END 0x18)

.got.plt        0x0000000000601a00       0xe8
 *(.got.plt)
 .got.plt       0x0000000000601a00       0xe8 /usr/lib/gcc/x86_64-redhat-linux/4.4.6/../../../../lib64/crt1.o
                0x0000000000601a00                _GLOBAL_OFFSET_TABLE_
 *(.igot.plt)
 .igot.plt      0x0000000000000000        0x0 /usr/lib/gcc/x86_64-redhat-linux/4.4.6/../../../../lib64/crt1.o

.data           0x0000000000601ae8        0x4
 *(.data .data.* .gnu.linkonce.d.*)
 .data          0x0000000000601ae8        0x4 /usr/lib/gcc/x86_64-redhat-linux/4.4.6/../../../../lib64/crt1.o
                0x0000000000601ae8                data_start
                0x0000000000601ae8                __data_start
 .data          0x0000000000601aec        0x0 /usr/lib/gcc/x86_64-redhat-linux/4.4.6/../../../../lib64/crti.o
 .data          0x0000000000601aec        0x0 /usr/lib/gcc/x86_64-redhat-linux/4.4.6/crtbegin.o
 .data          0x0000000000601aec        0x0 /usr/library/V60002/pro/plugin/gtmcrypt/maskpass.o
 .data          0x0000000000601aec        0x0 /usr/lib64/libc_nonshared.a(elf-init.oS)
 .data          0x0000000000601aec        0x0 /usr/lib/gcc/x86_64-redhat-linux/4.4.6/crtend.o
 .data          0x0000000000601aec        0x0 /usr/lib/gcc/x86_64-redhat-linux/4.4.6/../../../../lib64/crtn.o

.data1
 *(.data1)

.sharable_data  0x0000000000800000        0x0
                0x0000000000800000                PROVIDE (__sharable_data_start, .)
 *(.sharable_data .sharable_data.* .gnu.linkonce.shrd.*)
                0x0000000000800000                . = ALIGN ((. != 0x0)?0x200000:0x1)
                0x0000000000800000                PROVIDE (__sharable_data_end, .)
                0x0000000000800000                _edata = .
                0x0000000000800000                PROVIDE (edata, .)
                0x0000000000800000                __bss_start = .

.bss            0x0000000000601b00       0xa0
 *(.dynbss)
 .dynbss        0x0000000000000000        0x0 /usr/lib/gcc/x86_64-redhat-linux/4.4.6/../../../../lib64/crt1.o
 *(.bss .bss.* .gnu.linkonce.b.*)
 .bss           0x0000000000601b00        0x0 /usr/lib/gcc/x86_64-redhat-linux/4.4.6/../../../../lib64/crt1.o
 .bss           0x0000000000601b00        0x0 /usr/lib/gcc/x86_64-redhat-linux/4.4.6/../../../../lib64/crti.o
 .bss           0x0000000000601b00       0x10 /usr/lib/gcc/x86_64-redhat-linux/4.4.6/crtbegin.o
 .bss           0x0000000000601b10        0x0 /usr/library/V60002/pro/plugin/gtmcrypt/maskpass.o
 .bss           0x0000000000601b10        0x0 /usr/lib64/libc_nonshared.a(elf-init.oS)
 .bss           0x0000000000601b10        0x0 /usr/lib/gcc/x86_64-redhat-linux/4.4.6/crtend.o
 .bss           0x0000000000601b10        0x0 /usr/lib/gcc/x86_64-redhat-linux/4.4.6/../../../../lib64/crtn.o
 *(COMMON)
 *fill*         0x0000000000601b10       0x10 00
 COMMON         0x0000000000601b20       0x7c /usr/library/V60002/pro/plugin/gtmcrypt/maskpass.o
                0x0000000000601b20                old_tty
                0x0000000000601b60                no_echo_tty
                0x0000000000601ba0                . = ALIGN ((. != 0x0)?0x8:0x1)
 *fill*         0x0000000000601b9c        0x4 00

.lbss
 *(.dynlbss)
 *(.lbss .lbss.* .gnu.linkonce.lb.*)
 *(LARGE_COMMON)

.sharable_bss   0x0000000000800000        0x0
                0x0000000000800000                PROVIDE (__sharable_bss_start, .)
 *(.dynsharablebss)
 .dynsharablebss
                0x0000000000000000        0x0 /usr/lib/gcc/x86_64-redhat-linux/4.4.6/../../../../lib64/crt1.o
 *(.sharable_bss .sharable_bss.* .gnu.linkonce.shrb.*)
 *(SHARABLE_COMMON)
                0x0000000000800000                . = ALIGN ((. != 0x0)?0x200000:0x1)
                0x0000000000800000                PROVIDE (__sharable_bss_end, .)
                0x0000000000800000                . = ALIGN (0x8)

.lrodata
 *(.lrodata .lrodata.* .gnu.linkonce.lr.*)

.ldata          0x0000000000a01ba0        0x0
 *(.ldata .ldata.* .gnu.linkonce.l.*)
                0x0000000000a01ba0                . = ALIGN ((. != 0x0)?0x8:0x1)
                0x0000000000a01ba0                . = ALIGN (0x8)
                0x0000000000a01ba0                _end = .
                0x0000000000a01ba0                PROVIDE (end, .)
                0x0000000000a01ba0                . = DATA_SEGMENT_END (.)

.stab
 *(.stab)

.stabstr
 *(.stabstr)

.stab.excl
 *(.stab.excl)

.stab.exclstr
 *(.stab.exclstr)

.stab.index
 *(.stab.index)

.stab.indexstr
 *(.stab.indexstr)

.comment        0x0000000000000000       0x2c
 *(.comment)
 .comment       0x0000000000000000       0x2c /usr/lib/gcc/x86_64-redhat-linux/4.4.6/../../../../lib64/crt1.o
                                         0x2d (size before relaxing)
 .comment       0x0000000000000000       0x2d /usr/lib/gcc/x86_64-redhat-linux/4.4.6/../../../../lib64/crti.o
 .comment       0x0000000000000000       0x2d /usr/lib/gcc/x86_64-redhat-linux/4.4.6/crtbegin.o
 .comment       0x0000000000000000       0x2d /usr/library/V60002/pro/plugin/gtmcrypt/maskpass.o
 .comment       0x0000000000000000       0x2d /usr/lib64/libc_nonshared.a(elf-init.oS)
 .comment       0x0000000000000000       0x2d /usr/lib/gcc/x86_64-redhat-linux/4.4.6/crtend.o
 .comment       0x0000000000000000       0x2d /usr/lib/gcc/x86_64-redhat-linux/4.4.6/../../../../lib64/crtn.o

.debug
 *(.debug)

.line
 *(.line)

.debug_srcinfo
 *(.debug_srcinfo)

.debug_sfnames
 *(.debug_sfnames)

.debug_aranges
 *(.debug_aranges)

.debug_pubnames
 *(.debug_pubnames)

.debug_info
 *(.debug_info .gnu.linkonce.wi.*)

.debug_abbrev
 *(.debug_abbrev)

.debug_line
 *(.debug_line)

.debug_frame
 *(.debug_frame)

.debug_str
 *(.debug_str)

.debug_loc
 *(.debug_loc)

.debug_macinfo
 *(.debug_macinfo)

.debug_weaknames
 *(.debug_weaknames)

.debug_funcnames
 *(.debug_funcnames)

.debug_typenames
 *(.debug_typenames)

.debug_varnames
 *(.debug_varnames)

.debug_pubtypes
 *(.debug_pubtypes)

.debug_ranges
 *(.debug_ranges)

.gnu.attributes
 *(.gnu.attributes)

/DISCARD/
 *(.note.GNU-stack)
 *(.gnu_debuglink)
 *(.gnu.lto_*)
OUTPUT(/usr/library/V60002/pro/plugin/gtmcrypt/maskpass elf64-x86-64)
